Archive member included because of file (symbol)

c:/program files/winavr-20090313/bin/../lib/gcc/avr/4.3.2/avr25\libgcc.a(_mulhi3.o)
                              light-controller.o (__mulhi3)
c:/program files/winavr-20090313/bin/../lib/gcc/avr/4.3.2/avr25\libgcc.a(_divmodhi4.o)
                              light-controller.o (__divmodhi4)
c:/program files/winavr-20090313/bin/../lib/gcc/avr/4.3.2/avr25\libgcc.a(_exit.o)
                              c:/program files/winavr-20090313/bin/../lib/gcc/avr/4.3.2/../../../../avr/lib/avr25/crttn13a.o (exit)
c:/program files/winavr-20090313/bin/../lib/gcc/avr/4.3.2/avr25\libgcc.a(_clear_bss.o)
                              light-controller.o (__do_clear_bss)
c:/program files/winavr-20090313/bin/../lib/gcc/avr/4.3.2/avr25\libgcc.a(_udivmodhi4.o)
                              c:/program files/winavr-20090313/bin/../lib/gcc/avr/4.3.2/avr25\libgcc.a(_divmodhi4.o) (__udivmodhi4)
c:/program files/winavr-20090313/bin/../lib/gcc/avr/4.3.2/../../../../avr/lib/avr25\libc.a(eerd_word.o)
                              light-controller.o (__eerd_word)

Allocating common symbols
Common symbol       size              file

target_level        0x1               light-controller.o
off_time            0x2               light-controller.o
fade_time           0x1               light-controller.o
dim_level           0x1               light-controller.o
current_level       0x1               light-controller.o
sleep_count         0x1               light-controller.o
ramp_time           0x2               light-controller.o
bounce              0x1               light-controller.o
sleep_remaining     0x2               light-controller.o
step_rate           0x2               light-controller.o

Memory Configuration

Name             Origin             Length             Attributes
text             0x00000000         0x00002000         xr
data             0x00800060         0x0000ffa0         rw !x
eeprom           0x00810000         0x00010000         rw !x
fuse             0x00820000         0x00000400         rw !x
lock             0x00830000         0x00000400         rw !x
signature        0x00840000         0x00000400         rw !x
*default*        0x00000000         0xffffffff

Linker script and memory map

LOAD c:/program files/winavr-20090313/bin/../lib/gcc/avr/4.3.2/../../../../avr/lib/avr25/crttn13a.o
LOAD light-controller.o
LOAD c:/program files/winavr-20090313/bin/../lib/gcc/avr/4.3.2/avr25\libgcc.a
LOAD c:/program files/winavr-20090313/bin/../lib/gcc/avr/4.3.2/../../../../avr/lib/avr25\libc.a
LOAD c:/program files/winavr-20090313/bin/../lib/gcc/avr/4.3.2/avr25\libgcc.a

.hash
 *(.hash)

.dynsym
 *(.dynsym)

.dynstr
 *(.dynstr)

.gnu.version
 *(.gnu.version)

.gnu.version_d
 *(.gnu.version_d)

.gnu.version_r
 *(.gnu.version_r)

.rel.init
 *(.rel.init)

.rela.init
 *(.rela.init)

.rel.text
 *(.rel.text)
 *(.rel.text.*)
 *(.rel.gnu.linkonce.t*)

.rela.text
 *(.rela.text)
 *(.rela.text.*)
 *(.rela.gnu.linkonce.t*)

.rel.fini
 *(.rel.fini)

.rela.fini
 *(.rela.fini)

.rel.rodata
 *(.rel.rodata)
 *(.rel.rodata.*)
 *(.rel.gnu.linkonce.r*)

.rela.rodata
 *(.rela.rodata)
 *(.rela.rodata.*)
 *(.rela.gnu.linkonce.r*)

.rel.data
 *(.rel.data)
 *(.rel.data.*)
 *(.rel.gnu.linkonce.d*)

.rela.data
 *(.rela.data)
 *(.rela.data.*)
 *(.rela.gnu.linkonce.d*)

.rel.ctors
 *(.rel.ctors)

.rela.ctors
 *(.rela.ctors)

.rel.dtors
 *(.rel.dtors)

.rela.dtors
 *(.rela.dtors)

.rel.got
 *(.rel.got)

.rela.got
 *(.rela.got)

.rel.bss
 *(.rel.bss)

.rela.bss
 *(.rela.bss)

.rel.plt
 *(.rel.plt)

.rela.plt
 *(.rela.plt)

.text           0x00000000      0x37e
 *(.vectors)
 .vectors       0x00000000       0x14 c:/program files/winavr-20090313/bin/../lib/gcc/avr/4.3.2/../../../../avr/lib/avr25/crttn13a.o
                0x00000000                __vectors
                0x00000000                __vector_default
 *(.vectors)
 *(.progmem.gcc*)
 *(.progmem*)
                0x00000014                . = ALIGN (0x2)
                0x00000014                __trampolines_start = .
 *(.trampolines)
 .trampolines   0x00000014        0x0 linker stubs
 *(.trampolines*)
                0x00000014                __trampolines_end = .
 *(.jumptables)
 *(.jumptables*)
 *(.lowtext)
 *(.lowtext*)
                0x00000014                __ctors_start = .
 *(.ctors)
                0x00000014                __ctors_end = .
                0x00000014                __dtors_start = .
 *(.dtors)
                0x00000014                __dtors_end = .
 SORT(*)(.ctors)
 SORT(*)(.dtors)
 *(.init0)
 .init0         0x00000014        0x0 c:/program files/winavr-20090313/bin/../lib/gcc/avr/4.3.2/../../../../avr/lib/avr25/crttn13a.o
                0x00000014                __init
 *(.init0)
 *(.init1)
 *(.init1)
 *(.init2)
 .init2         0x00000014        0x8 c:/program files/winavr-20090313/bin/../lib/gcc/avr/4.3.2/../../../../avr/lib/avr25/crttn13a.o
 *(.init2)
 *(.init3)
 *(.init3)
 *(.init4)
 .init4         0x0000001c       0x10 c:/program files/winavr-20090313/bin/../lib/gcc/avr/4.3.2/avr25\libgcc.a(_clear_bss.o)
                0x0000001c                __do_clear_bss
 *(.init4)
 *(.init5)
 *(.init5)
 *(.init6)
 *(.init6)
 *(.init7)
 *(.init7)
 *(.init8)
 *(.init8)
 *(.init9)
 .init9         0x0000002c        0x4 c:/program files/winavr-20090313/bin/../lib/gcc/avr/4.3.2/../../../../avr/lib/avr25/crttn13a.o
 *(.init9)
 *(.text)
 .text          0x00000030        0x2 c:/program files/winavr-20090313/bin/../lib/gcc/avr/4.3.2/../../../../avr/lib/avr25/crttn13a.o
                0x00000030                __vector_1
                0x00000030                __bad_interrupt
                0x00000030                __vector_6
                0x00000030                __vector_7
                0x00000030                __vector_5
                0x00000030                __vector_4
                0x00000030                __vector_9
                0x00000030                __vector_8
 .text          0x00000032      0x2aa light-controller.o
                0x0000015c                __vector_3
                0x00000252                main
                0x000000bc                __vector_2
                0x0000003e                fade
 .text          0x000002dc        0x0 c:/program files/winavr-20090313/bin/../lib/gcc/avr/4.3.2/avr25\libgcc.a(_mulhi3.o)
 .text          0x000002dc        0x0 c:/program files/winavr-20090313/bin/../lib/gcc/avr/4.3.2/avr25\libgcc.a(_divmodhi4.o)
 .text          0x000002dc        0x0 c:/program files/winavr-20090313/bin/../lib/gcc/avr/4.3.2/avr25\libgcc.a(_exit.o)
 .text          0x000002dc        0x0 c:/program files/winavr-20090313/bin/../lib/gcc/avr/4.3.2/avr25\libgcc.a(_clear_bss.o)
 .text          0x000002dc        0x0 c:/program files/winavr-20090313/bin/../lib/gcc/avr/4.3.2/avr25\libgcc.a(_udivmodhi4.o)
 .text          0x000002dc       0x2c c:/program files/winavr-20090313/bin/../lib/gcc/avr/4.3.2/../../../../avr/lib/avr25\libc.a(eerd_word.o)
                0x000002dc                __eerd_word
                0x00000308                . = ALIGN (0x2)
 *(.text.*)
 .text.libgcc   0x00000308       0x24 c:/program files/winavr-20090313/bin/../lib/gcc/avr/4.3.2/avr25\libgcc.a(_mulhi3.o)
                0x00000308                __mulhi3
 .text.libgcc   0x0000032c       0x26 c:/program files/winavr-20090313/bin/../lib/gcc/avr/4.3.2/avr25\libgcc.a(_divmodhi4.o)
                0x0000032c                __divmodhi4
                0x0000032c                _div
 .text.libgcc   0x00000352        0x0 c:/program files/winavr-20090313/bin/../lib/gcc/avr/4.3.2/avr25\libgcc.a(_exit.o)
 .text.libgcc   0x00000352        0x0 c:/program files/winavr-20090313/bin/../lib/gcc/avr/4.3.2/avr25\libgcc.a(_clear_bss.o)
 .text.libgcc   0x00000352       0x28 c:/program files/winavr-20090313/bin/../lib/gcc/avr/4.3.2/avr25\libgcc.a(_udivmodhi4.o)
                0x00000352                __udivmodhi4
                0x0000037a                . = ALIGN (0x2)
 *(.fini9)
 .fini9         0x0000037a        0x0 c:/program files/winavr-20090313/bin/../lib/gcc/avr/4.3.2/avr25\libgcc.a(_exit.o)
                0x0000037a                exit
                0x0000037a                _exit
 *(.fini9)
 *(.fini8)
 *(.fini8)
 *(.fini7)
 *(.fini7)
 *(.fini6)
 *(.fini6)
 *(.fini5)
 *(.fini5)
 *(.fini4)
 *(.fini4)
 *(.fini3)
 *(.fini3)
 *(.fini2)
 *(.fini2)
 *(.fini1)
 *(.fini1)
 *(.fini0)
 .fini0         0x0000037a        0x4 c:/program files/winavr-20090313/bin/../lib/gcc/avr/4.3.2/avr25\libgcc.a(_exit.o)
 *(.fini0)
                0x0000037e                _etext = .

.data           0x00800060        0x0 load address 0x0000037e
                0x00800060                PROVIDE (__data_start, .)
 *(.data)
 .data          0x00800060        0x0 c:/program files/winavr-20090313/bin/../lib/gcc/avr/4.3.2/../../../../avr/lib/avr25/crttn13a.o
 .data          0x00800060        0x0 light-controller.o
 .data          0x00800060        0x0 c:/program files/winavr-20090313/bin/../lib/gcc/avr/4.3.2/avr25\libgcc.a(_mulhi3.o)
 .data          0x00800060        0x0 c:/program files/winavr-20090313/bin/../lib/gcc/avr/4.3.2/avr25\libgcc.a(_divmodhi4.o)
 .data          0x00800060        0x0 c:/program files/winavr-20090313/bin/../lib/gcc/avr/4.3.2/avr25\libgcc.a(_exit.o)
 .data          0x00800060        0x0 c:/program files/winavr-20090313/bin/../lib/gcc/avr/4.3.2/avr25\libgcc.a(_clear_bss.o)
 .data          0x00800060        0x0 c:/program files/winavr-20090313/bin/../lib/gcc/avr/4.3.2/avr25\libgcc.a(_udivmodhi4.o)
 .data          0x00800060        0x0 c:/program files/winavr-20090313/bin/../lib/gcc/avr/4.3.2/../../../../avr/lib/avr25\libc.a(eerd_word.o)
 *(.data*)
 *(.rodata)
 *(.rodata*)
 *(.gnu.linkonce.d*)
                0x00800060                . = ALIGN (0x2)
                0x00800060                _edata = .
                0x00800060                PROVIDE (__data_end, .)

.bss            0x00800060        0xf
                0x00800060                PROVIDE (__bss_start, .)
 *(.bss)
 .bss           0x00800060        0x0 c:/program files/winavr-20090313/bin/../lib/gcc/avr/4.3.2/../../../../avr/lib/avr25/crttn13a.o
 .bss           0x00800060        0x1 light-controller.o
                0x00800060                state
 .bss           0x00800061        0x0 c:/program files/winavr-20090313/bin/../lib/gcc/avr/4.3.2/avr25\libgcc.a(_mulhi3.o)
 .bss           0x00800061        0x0 c:/program files/winavr-20090313/bin/../lib/gcc/avr/4.3.2/avr25\libgcc.a(_divmodhi4.o)
 .bss           0x00800061        0x0 c:/program files/winavr-20090313/bin/../lib/gcc/avr/4.3.2/avr25\libgcc.a(_exit.o)
 .bss           0x00800061        0x0 c:/program files/winavr-20090313/bin/../lib/gcc/avr/4.3.2/avr25\libgcc.a(_clear_bss.o)
 .bss           0x00800061        0x0 c:/program files/winavr-20090313/bin/../lib/gcc/avr/4.3.2/avr25\libgcc.a(_udivmodhi4.o)
 .bss           0x00800061        0x0 c:/program files/winavr-20090313/bin/../lib/gcc/avr/4.3.2/../../../../avr/lib/avr25\libc.a(eerd_word.o)
 *(.bss*)
 *(COMMON)
 COMMON         0x00800061        0xe light-controller.o
                0x00800061                target_level
                0x00800062                off_time
                0x00800064                fade_time
                0x00800065                dim_level
                0x00800066                current_level
                0x00800067                sleep_count
                0x00800068                ramp_time
                0x0080006a                bounce
                0x0080006b                sleep_remaining
                0x0080006d                step_rate
                0x0080006f                PROVIDE (__bss_end, .)
                0x0000037e                __data_load_start = LOADADDR (.data)
                0x0000037e                __data_load_end = (__data_load_start + SIZEOF (.data))

.noinit         0x0080006f        0x0
                0x0080006f                PROVIDE (__noinit_start, .)
 *(.noinit*)
                0x0080006f                PROVIDE (__noinit_end, .)
                0x0080006f                _end = .
                0x0080006f                PROVIDE (__heap_start, .)

.eeprom         0x00810000        0x0
 *(.eeprom*)
                0x00810000                __eeprom_end = .

.fuse
 *(.fuse)
 *(.lfuse)
 *(.hfuse)
 *(.efuse)

.lock
 *(.lock*)

.signature
 *(.signature*)

.stab
 *(.stab)

.stabstr
 *(.stabstr)

.stab.excl
 *(.stab.excl)

.stab.exclstr
 *(.stab.exclstr)

.stab.index
 *(.stab.index)

.stab.indexstr
 *(.stab.indexstr)

.comment
 *(.comment)

.debug
 *(.debug)

.line
 *(.line)

.debug_srcinfo
 *(.debug_srcinfo)

.debug_sfnames
 *(.debug_sfnames)

.debug_aranges  0x00000000       0x20
 *(.debug_aranges)
 .debug_aranges
                0x00000000       0x20 light-controller.o

.debug_pubnames
                0x00000000       0xe3
 *(.debug_pubnames)
 .debug_pubnames
                0x00000000       0xe3 light-controller.o

.debug_info     0x00000000      0x321
 *(.debug_info)
 .debug_info    0x00000000      0x321 light-controller.o
 *(.gnu.linkonce.wi.*)

.debug_abbrev   0x00000000      0x14d
 *(.debug_abbrev)
 .debug_abbrev  0x00000000      0x14d light-controller.o

.debug_line     0x00000000      0x371
 *(.debug_line)
 .debug_line    0x00000000      0x371 light-controller.o

.debug_frame    0x00000000       0x60
 *(.debug_frame)
 .debug_frame   0x00000000       0x60 light-controller.o

.debug_str      0x00000000      0x168
 *(.debug_str)
 .debug_str     0x00000000      0x168 light-controller.o
                                0x1a7 (size before relaxing)

.debug_loc      0x00000000       0xa2
 *(.debug_loc)
 .debug_loc     0x00000000       0xa2 light-controller.o

.debug_macinfo
 *(.debug_macinfo)
OUTPUT(light-controller.elf elf32-avr)
LOAD linker stubs
